================================================================================
Neural AI Loader - Session Log
Started: 2026-02-19T17:59:16.047896
Debug: True
================================================================================

================================================================================
                        Neural AI Loader - Session Start                        
================================================================================
[17:59:16] [INFO   ] [MAIN              ] Script root: D:\Serenity's Neural Core
[17:59:16] [INFO   ] [MAIN              ] Tools dir: D:\Serenity's Neural Core\tools
[17:59:16] [INFO   ] [MAIN              ] Logs dir: D:\Serenity's Neural Core\logs
[17:59:16] [INFO   ] [MAIN              ] Docs dir: D:\Serenity's Neural Core\docs
[17:59:16] [INFO   ] [MAIN              ] Debug mode: True
[17:59:16] [DEBUG  ] [DOCVIEWER         ] Found docs directory: D:\Serenity's Neural Core\docs
[17:59:16] [INFO   ] [DOCVIEWER         ] Scanned 11 documentation files
[17:59:48] [INFO   ] [MAIN              ] User selected: Start AI Session
[17:59:48] [DEBUG  ] [SYSINFO           ] Running system info script: D:\Serenity's Neural Core\tools\gather_system_info.ps1
[17:59:50] [DEBUG  ] [SYSINFO           ]   OS_VERSION=Microsoft Windows 11 Pro
[17:59:50] [DEBUG  ] [SYSINFO           ]   CPU_NAME=AMD Ryzen 7 9800X3D 8-Core Processor
[17:59:50] [DEBUG  ] [SYSINFO           ]   CPU_CORES=8
[17:59:50] [DEBUG  ] [SYSINFO           ]   RAM_GB=62
[17:59:50] [DEBUG  ] [SYSINFO           ]   PAGE_FILE_MB=124473
[17:59:50] [DEBUG  ] [SYSINFO           ]   GPU_NAME=NVIDIA GeForce RTX 3080 Ti
[17:59:50] [DEBUG  ] [SYSINFO           ]   GPU_DRIVER=591.86
[17:59:50] [DEBUG  ] [SYSINFO           ]   VRAM_TOTAL_MB=12288
[17:59:50] [DEBUG  ] [SYSINFO           ]   VRAM_FREE_MB=11053
[17:59:50] [INFO   ] [SYSINFO           ] System info gathered: 9 properties
[17:59:50] [INFO   ] [MAIN              ] System: OS=Microsoft Windows 11 Pro, CPU=8c, RAM=62GB
